9047  execve("/root/.moon/bin/internal/tcc", ["/root/.moon/bin/internal/tcc", "@./_build/native/debug/test/src/"...], 0x7ffec685add0 /* 111 vars */) = 0
9047  brk(NULL)                         = 0xb8b6000
9047  mmap(NULL, 8192, PROT_READ|PROT_WRITE, MAP_PRIVATE|MAP_ANONYMOUS, -1, 0) = 0x7ff6c66c3000
9047  access("/etc/ld.so.preload", R_OK) = -1 ENOENT (没有那个文件或目录)
9047  openat(AT_FDCWD, "/etc/ld.so.cache", O_RDONLY|O_CLOEXEC) = 3
9047  fstat(3, {st_mode=S_IFREG|0644, st_size=11567, ...}) = 0
9047  mmap(NULL, 11567, PROT_READ, MAP_PRIVATE, 3, 0) = 0x7ff6c66c0000
9047  close(3)                          = 0
9047  openat(AT_FDCWD, "/lib/x86_64-linux-gnu/libm.so.6", O_RDONLY|O_CLOEXEC) = 3
9047  read(3, "\177ELF\2\1\1\3\0\0\0\0\0\0\0\0\3\0>\0\1\0\0\0\0\0\0\0\0\0\0\0"..., 832) = 832
9047  fstat(3, {st_mode=S_IFREG|0644, st_size=977112, ...}) = 0
9047  mmap(NULL, 978968, PROT_READ, MAP_PRIVATE|MAP_DENYWRITE, 3, 0) = 0x7ff6c65d0000
9047  mmap(0x7ff6c65e1000, 512000, PROT_READ|PROT_EXEC, MAP_PRIVATE|MAP_FIXED|MAP_DENYWRITE, 3, 0x11000) = 0x7ff6c65e1000
9047  mmap(0x7ff6c665e000, 393216, PROT_READ, MAP_PRIVATE|MAP_FIXED|MAP_DENYWRITE, 3, 0x8e000) = 0x7ff6c665e000
9047  mmap(0x7ff6c66be000, 8192, PROT_READ|PROT_WRITE, MAP_PRIVATE|MAP_FIXED|MAP_DENYWRITE, 3, 0xed000) = 0x7ff6c66be000
9047  close(3)                          = 0
9047  openat(AT_FDCWD, "/lib/x86_64-linux-gnu/libdl.so.2", O_RDONLY|O_CLOEXEC) = 3
9047  read(3, "\177ELF\2\1\1\0\0\0\0\0\0\0\0\0\3\0>\0\1\0\0\0\0\0\0\0\0\0\0\0"..., 832) = 832
9047  fstat(3, {st_mode=S_IFREG|0644, st_size=14408, ...}) = 0
9047  mmap(NULL, 16400, PROT_READ, MAP_PRIVATE|MAP_DENYWRITE, 3, 0) = 0x7ff6c65cb000
9047  mmap(0x7ff6c65cc000, 4096, PROT_READ|PROT_EXEC, MAP_PRIVATE|MAP_FIXED|MAP_DENYWRITE, 3, 0x1000) = 0x7ff6c65cc000
9047  mmap(0x7ff6c65cd000, 4096, PROT_READ, MAP_PRIVATE|MAP_FIXED|MAP_DENYWRITE, 3, 0x2000) = 0x7ff6c65cd000
9047  mmap(0x7ff6c65ce000, 8192, PROT_READ|PROT_WRITE, MAP_PRIVATE|MAP_FIXED|MAP_DENYWRITE, 3, 0x2000) = 0x7ff6c65ce000
9047  close(3)                          = 0
9047  openat(AT_FDCWD, "/lib/x86_64-linux-gnu/libpthread.so.0", O_RDONLY|O_CLOEXEC) = 3
9047  read(3, "\177ELF\2\1\1\0\0\0\0\0\0\0\0\0\3\0>\0\1\0\0\0\0\0\0\0\0\0\0\0"..., 832) = 832
9047  fstat(3, {st_mode=S_IFREG|0644, st_size=14408, ...}) = 0
9047  mmap(NULL, 16400, PROT_READ, MAP_PRIVATE|MAP_DENYWRITE, 3, 0) = 0x7ff6c65c6000
9047  mmap(0x7ff6c65c7000, 4096, PROT_READ|PROT_EXEC, MAP_PRIVATE|MAP_FIXED|MAP_DENYWRITE, 3, 0x1000) = 0x7ff6c65c7000
9047  mmap(0x7ff6c65c8000, 4096, PROT_READ, MAP_PRIVATE|MAP_FIXED|MAP_DENYWRITE, 3, 0x2000) = 0x7ff6c65c8000
9047  mmap(0x7ff6c65c9000, 8192, PROT_READ|PROT_WRITE, MAP_PRIVATE|MAP_FIXED|MAP_DENYWRITE, 3, 0x2000) = 0x7ff6c65c9000
9047  close(3)                          = 0
9047  openat(AT_FDCWD, "/lib/x86_64-linux-gnu/libc.so.6", O_RDONLY|O_CLOEXEC) = 3
9047  read(3, "\177ELF\2\1\1\3\0\0\0\0\0\0\0\0\3\0>\0\1\0\0\0p\236\2\0\0\0\0\0"..., 832) = 832
9047  pread64(3, "\6\0\0\0\4\0\0\0@\0\0\0\0\0\0\0@\0\0\0\0\0\0\0@\0\0\0\0\0\0\0"..., 840, 64) = 840
9047  fstat(3, {st_mode=S_IFREG|0755, st_size=1995216, ...}) = 0
9047  pread64(3, "\6\0\0\0\4\0\0\0@\0\0\0\0\0\0\0@\0\0\0\0\0\0\0@\0\0\0\0\0\0\0"..., 840, 64) = 840
9047  mmap(NULL, 2047568, PROT_READ, MAP_PRIVATE|MAP_DENYWRITE, 3, 0) = 0x7ff6c63d2000
9047  mmap(0x7ff6c63fa000, 1454080, PROT_READ|PROT_EXEC, MAP_PRIVATE|MAP_FIXED|MAP_DENYWRITE, 3, 0x28000) = 0x7ff6c63fa000
9047  mmap(0x7ff6c655d000, 352256, PROT_READ, MAP_PRIVATE|MAP_FIXED|MAP_DENYWRITE, 3, 0x18b000) = 0x7ff6c655d000
9047  mmap(0x7ff6c65b3000, 24576, PROT_READ|PROT_WRITE, MAP_PRIVATE|MAP_FIXED|MAP_DENYWRITE, 3, 0x1e0000) = 0x7ff6c65b3000
9047  mmap(0x7ff6c65b9000, 52816, PROT_READ|PROT_WRITE, MAP_PRIVATE|MAP_FIXED|MAP_ANONYMOUS, -1, 0) = 0x7ff6c65b9000
9047  close(3)                          = 0
9047  mmap(NULL, 8192, PROT_READ|PROT_WRITE, MAP_PRIVATE|MAP_ANONYMOUS, -1, 0) = 0x7ff6c63d0000
9047  mmap(NULL, 8192, PROT_READ|PROT_WRITE, MAP_PRIVATE|MAP_ANONYMOUS, -1, 0) = 0x7ff6c63ce000
9047  arch_prctl(ARCH_SET_FS, 0x7ff6c63d1580) = 0
9047  set_tid_address(0x7ff6c63d1850)   = 9047
9047  set_robust_list(0x7ff6c63d1860, 24) = 0
9047  rseq(0x7ff6c63d14c0, 0x20, 0, 0x53053053) = 0
9047  mprotect(0x7ff6c65b3000, 16384, PROT_READ) = 0
9047  mprotect(0x7ff6c65c9000, 4096, PROT_READ) = 0
9047  mprotect(0x7ff6c65ce000, 4096, PROT_READ) = 0
9047  mprotect(0x7ff6c66be000, 4096, PROT_READ) = 0
9047  mprotect(0x7ff6c66f9000, 8192, PROT_READ) = 0
9047  prlimit64(0, RLIMIT_STACK, NULL, {rlim_cur=8192*1024, rlim_max=RLIM64_INFINITY}) = 0
9047  munmap(0x7ff6c66c0000, 11567)     = 0
9047  getrandom("\x36\xd1\x22\x49\x03\x77\xe4\x45", 8, GRND_NONBLOCK) = 8
9047  brk(NULL)                         = 0xb8b6000
9047  brk(0xb8d7000)                    = 0xb8d7000
9047  openat(AT_FDCWD, "./_build/native/debug/test/src/src.whitebox_test.rspfile", O_RDONLY) = 3
9047  lseek(3, 0, SEEK_END)             = 344
9047  lseek(3, 0, SEEK_SET)             = 0
9047  read(3, "-I/root/.moon/include\n-L/root/.m"..., 345) = 344
9047  read(3, "", 1)                    = 0
9047  openat(AT_FDCWD, "/workspace/_build/native/debug/test/libruntime.so", O_RDONLY) = 4
9047  read(4, "\177ELF\2\1\1\0\0\0\0\0\0\0\0\0\3\0>\0\1\0\0\0\0\0\0\0\0\0\0\0"..., 64) = 64
9047  read(4, "", 0)                    = 0
9047  lseek(4, 0, SEEK_SET)             = 0
9047  openat(AT_FDCWD, "/workspace/_build/native/debug/test/libruntime.so", O_RDONLY|O_CLOEXEC) = 5
9047  read(5, "\177ELF\2\1\1\0\0\0\0\0\0\0\0\0\3\0>\0\1\0\0\0\0\0\0\0\0\0\0\0"..., 832) = 832
9047  fstat(5, {st_mode=S_IFREG|0755, st_size=143784, ...}) = 0
9047  mmap(NULL, 45608, PROT_READ, MAP_PRIVATE|MAP_DENYWRITE, 5, 0) = 0x7ff6c63c2000
9047  mmap(0x7ff6c63c5000, 20480, PROT_READ|PROT_EXEC, MAP_PRIVATE|MAP_FIXED|MAP_DENYWRITE, 5, 0x3000) = 0x7ff6c63c5000
9047  mmap(0x7ff6c63ca000, 8192, PROT_READ, MAP_PRIVATE|MAP_FIXED|MAP_DENYWRITE, 5, 0x8000) = 0x7ff6c63ca000
9047  mmap(0x7ff6c63cc000, 8192, PROT_READ|PROT_WRITE, MAP_PRIVATE|MAP_FIXED|MAP_DENYWRITE, 5, 0x9000) = 0x7ff6c63cc000
9047  close(5)                          = 0
9047  mprotect(0x7ff6c63cc000, 4096, PROT_READ) = 0
9047  close(4)                          = 0
9047  openat(AT_FDCWD, "/workspace/_build/native/debug/test/src/crypto/libcrypto.so", O_RDONLY) = 4
9047  read(4, "\177ELF\2\1\1\0\0\0\0\0\0\0\0\0\3\0>\0\1\0\0\0\0\0\0\0\0\0\0\0"..., 64) = 64
9047  read(4, "", 0)                    = 0
9047  lseek(4, 0, SEEK_SET)             = 0
9047  openat(AT_FDCWD, "/workspace/_build/native/debug/test/src/crypto/libcrypto.so", O_RDONLY|O_CLOEXEC) = 5
9047  read(5, "\177ELF\2\1\1\0\0\0\0\0\0\0\0\0\3\0>\0\1\0\0\0\0\0\0\0\0\0\0\0"..., 832) = 832
9047  fstat(5, {st_mode=S_IFREG|0755, st_size=124088, ...}) = 0
9047  mmap(NULL, 41848, PROT_READ, MAP_PRIVATE|MAP_DENYWRITE, 5, 0) = 0x7ff6c63b7000
9047  mmap(0x7ff6c63b9000, 20480, PROT_READ|PROT_EXEC, MAP_PRIVATE|MAP_FIXED|MAP_DENYWRITE, 5, 0x2000) = 0x7ff6c63b9000
9047  mmap(0x7ff6c63be000, 8192, PROT_READ, MAP_PRIVATE|MAP_FIXED|MAP_DENYWRITE, 5, 0x7000) = 0x7ff6c63be000
9047  mmap(0x7ff6c63c0000, 8192, PROT_READ|PROT_WRITE, MAP_PRIVATE|MAP_FIXED|MAP_DENYWRITE, 5, 0x8000) = 0x7ff6c63c0000
9047  close(5)                          = 0
9047  munmap(0x7ff6c63b7000, 41848)     = 0
9047  close(4)                          = 0
9047  munmap(0x7ff6c63c2000, 45608)     = 0
9047  exit_group(-1)                    = ?
9047  +++ exited with 255 +++
